Fastrprint string.Fastrprint with a large (>32 character) character string!!!!!!!!!!!!!!!!!!!!!!!!!!!!!!!!!!!!!!!!!!Fastrprintln string.
Fastrprintln with a large (>32 character) character string!!!!!!!!!!!!!!!!!!!!!!!!!!!!!!!!!!!!!!!!!!
Fastrprint flash.Fastrprint with a large (>32 character) flash string!!!!!!!!!!!!!!!!!!!!!!!!!!!!!!!!!!!!!!!!!!Fastrprintln flash.
Fastrprintln with a large (>32 character) flash string!!!!!!!!!!!!!!!!!!!!!!!!!!!!!!!!!!!!!!!!!!


This is a message for client 1.This is a message for client 2.This is a flash message for client 1.This is a flash message for client 2.This is a large (>32 character) flash message for client 1!!!!!!!!!!!!!!!!!!!!!!!!!!!!!!!!!!!!!!!!!!This is a large (>32 character) flash message for client 2!!!!!!!!!!!!!!!!!!!!!!!!!!!!!!!!!!!!!!!!!!